Microchip MPLAB XC8 Compiler V2.45

Linker command line:

-W-3 \
  --edf=C:\Program Files\Microchip\xc8\v2.45\pic\dat\20230818022343_en.msgs \
  -cn -h+dist/default/debug\final_pro_2.X.debug.sym \
  --cmf=dist/default/debug\final_pro_2.X.debug.cmf -z -Q18F4620 \
  -oC:\Users\mokhtar\AppData\Local\Temp\xcAs590.\driver_tmp_3.o \
  --defsym=__MPLAB_BUILD=1 --fixupoverflow=error \
  -Mdist/default/debug/final_pro_2.X.debug.map \
  --md=C:\Users\mokhtar\AppData\Local\Temp\xcAs590.\driver_tmp_0.dat -E1 \
  -ver=XC8 Compiler --acfsm=1493 -ACODE=00h-0FFFFh -ACONST=00h-0FFFFh \
  -ASMALLCONST=01000h-010FFhx240 -AMEDIUMCONST=01000h-0FFFFh \
  -ACOMRAM=01h-07Fh -AABS1=00h-0F7Fh -ABIGRAM=01h-0F7Fh \
  -ARAM=080h-0FFh,0100h-01FFhx14,0F00h-0F7Fh -ABANK0=080h-0FFh \
  -ABANK1=0100h-01FFh -ABANK2=0200h-02FFh -ABANK3=0300h-03FFh \
  -ABANK4=0400h-04FFh -ABANK5=0500h-05FFh -ABANK6=0600h-06FFh \
  -ABANK7=0700h-07FFh -ABANK8=0800h-08FFh -ABANK9=0900h-09FFh \
  -ABANK10=0A00h-0AFFh -ABANK11=0B00h-0BFFh -ABANK12=0C00h-0CFFh \
  -ABANK13=0D00h-0DFFh -ABANK14=0E00h-0EFFh -ABANK15=0F00h-0F7Fh \
  -ASFR=0F80h-0FFFh -ABIGSFR=0F80h-0FFFh -ACONFIG=0300000h-030000Dh \
  -AIDLOC=0200000h-0200007h -AEEDATA=0F00000h-0F003FFh -peeprom_data=EEDATA \
  -preset_vec=00h,intcode=08h,intcodelo,powerup,init -pramtop=01000h \
  -psmallconst=SMALLCONST -pmediumconst=MEDIUMCONST -pconst=CONST \
  -AFARRAM=00h-00h \
  -prdata=COMRAM,nvrram=COMRAM,nvbit=COMRAM,rbss=COMRAM,rbit=COMRAM \
  -pfarbss=FARRAM,fardata=FARRAM,nvFARRAM=FARRAM \
  -pintsave_regs=BIGRAM,bigbss=BIGRAM,bigdata=BIGRAM -pbss=RAM \
  -pidata=CODE,irdata=CODE,ibigdata=CODE,ifardata=CODE -prparam=COMRAM \
  C:\Users\mokhtar\AppData\Local\Temp\xcAs590.\driver_tmp_9.o \
  dist/default/debug\final_pro_2.X.debug.o 

Object code version is 3.11

Machine type is 18F4620



                Name                               Link     Load   Length Selector   Space Scale
C:\Users\mokhtar\AppData\Local\Temp\xcAs590.\driver_tmp_9.o
                config                           300000   300000        E        0       4
                init                                  E        E        4        4       0
                reset_vec                             0        0        4        0       0
dist/default/debug\final_pro_2.X.debug.o
                intcode                               8        8        6        4       0
                config                           300000   300000        E        0       4
                temp                                 7B       7B        1        1       1
                smallconst                         1000     1000       16      800       0
                text62                             3C12     3C12        4     1D79       0
                text61                             3C0E     3C0E        4     1D79       0
                text60                             3C0A     3C0A        4     1D79       0
                text59                             3C06     3C06        4     1D79       0
                text58                             3C02     3C02        4     1D79       0
                text57                             3BFE     3BFE        4     1D79       0
                text56                             3BFA     3BFA        4     1D79       0
                text55                             3948     3948       3C      80B       0
                text54                             3A68     3A68       30      80B       0
                text53                             3BA4     3BA4       1A     1D79       0
                text52                             3B8A     3B8A       1A     1D79       0
                text51                             3B70     3B70       1A     1D79       0
                text50                             3B56     3B56       1A     1D79       0
                text49                             3BDA     3BDA        E     1D79       0
                text48                             3764     3764       66      80B       0
                text47                             3A30     3A30       38      80B       0
                text46                             3BE8     3BE8        8     1D79       0
                text45                             3BCC     3BCC        E     1D79       0
                text44                             3C16     3C16        2     1D79       0
                text43                             3BF6     3BF6        4     1D79       0
                intcode_body                       1900     1900      3F6      80B       0
                text41                             3878     3878       4A      80B       0
                text40                             2E3C     2E3C       B8      80B       0
                text39                             2BE0     2BE0       D8      80B       0
                text38                             39F8     39F8       38      80B       0
                text37                             3B18     3B18       22     1D79       0
                text36                             36FC     36FC       68      80B       0
                text35                             2CB8     2CB8       C4      80B       0
                text34                             2EF4     2EF4       B0      80B       0
                text33                             35B2     35B2       74      80B       0
                text32                             3AF2     3AF2       26     1D79       0
                text31                             1016     1016      4C0      80B       0
                text30                             1CF6     1CF6      39A      80B       0
                text29                             14D6     14D6      42A      80B       0
                text28                             2ADA     2ADA      106      80B       0
                text27                             2306     2306      1B4      80B       0
                text26                             29C2     29C2      118      80B       0
                text25                             38C2     38C2       46      80B       0
                text24                             3908     3908       40      80B       0
                text23                             2FA4     2FA4       AC      80B       0
                text22                             319E     319E       9A      80B       0
                text21                             3B3A     3B3A       1C     1D79       0
                text20                             382E     382E       4A      80B       0
                text19                             3BF0     3BF0        6     1D79       0
                text18                             2622     2622      150      80B       0
                text17                             33E0     33E0       76      80B       0
                text16                             39BE     39BE       3A      80B       0
                text15                             3984     3984       3A      80B       0
                text14                             3050     3050       AA      80B       0
                text13                             3238     3238       92      80B       0
                text12                             2772     2772      134      80B       0
                text11                             28A6     28A6      11C      80B       0
                text10                             3626     3626       6C      80B       0
                text9                              30FA     30FA       A4      80B       0
                text8                              3692     3692       6A      80B       0
                text7                              24BA     24BA      168      80B       0
                text6                              353E     353E       74      80B       0
                text5                              37CA     37CA       64      80B       0
                text4                              2D7C     2D7C       C0      80B       0
                text3                              34CA     34CA       74      80B       0
                text2                              3456     3456       74      80B       0
                text1                              335A     335A       86      80B       0
                text0                              2090     2090      276      80B       0
                cstackCOMRAM                          1        1       63        1       1
                cstackBANK1                         12B      12B        8      100       1
                dataBANK1                           100      100       2B      100       1
                bssBANK1                            133      133        6      100       1
                dataBANK0                            CF       CF       2E       80       1
                bssBANK0                             80       80       4F       80       1
                dataCOMRAM                           64       64        E        1       1
                bssCOMRAM                            72       72        9        1       1
                cinit                              32CA     32CA       90      80B       0
                nvBANK0                              FD       FD        1       80       1
                idataBANK1                         3AC6     3AC6       2B      80B       0
                idataBANK0                         3A98     3A98       2E      80B       0
                idataCOMRAM                        3BBE     3BBE        E     1D79       0

TOTAL           Name                               Link     Load   Length     Space
        CLASS   CODE           
                intcode                               8        8        6         0
                init                                  E        E        4         0
                reset_vec                             0        0        4         0
                text62                             3C12     3C12        4         0
                text61                             3C0E     3C0E        4         0
                text60                             3C0A     3C0A        4         0
                text59                             3C06     3C06        4         0
                text58                             3C02     3C02        4         0
                text57                             3BFE     3BFE        4         0
                text56                             3BFA     3BFA        4         0
                text55                             3948     3948       3C         0
                text54                             3A68     3A68       30         0
                text53                             3BA4     3BA4       1A         0
                text52                             3B8A     3B8A       1A         0
                text51                             3B70     3B70       1A         0
                text50                             3B56     3B56       1A         0
                text49                             3BDA     3BDA        E         0
                text48                             3764     3764       66         0
                text47                             3A30     3A30       38         0
                text46                             3BE8     3BE8        8         0
                text45                             3BCC     3BCC        E         0
                text44                             3C16     3C16        2         0
                text43                             3BF6     3BF6        4         0
                intcode_body                       1900     1900      3F6         0
                text41                             3878     3878       4A         0
                text40                             2E3C     2E3C       B8         0
                text39                             2BE0     2BE0       D8         0
                text38                             39F8     39F8       38         0
                text37                             3B18     3B18       22         0
                text36                             36FC     36FC       68         0
                text35                             2CB8     2CB8       C4         0
                text34                             2EF4     2EF4       B0         0
                text33                             35B2     35B2       74         0
                text32                             3AF2     3AF2       26         0
                text31                             1016     1016      4C0         0
                text30                             1CF6     1CF6      39A         0
                text29                             14D6     14D6      42A         0
                text28                             2ADA     2ADA      106         0
                text27                             2306     2306      1B4         0
                text26                             29C2     29C2      118         0
                text25                             38C2     38C2       46         0
                text24                             3908     3908       40         0
                text23                             2FA4     2FA4       AC         0
                text22                             319E     319E       9A         0
                text21                             3B3A     3B3A       1C         0
                text20                             382E     382E       4A         0
                text19                             3BF0     3BF0        6         0
                text18                             2622     2622      150         0
                text17                             33E0     33E0       76         0
                text16                             39BE     39BE       3A         0
                text15                             3984     3984       3A         0
                text14                             3050     3050       AA         0
                text13                             3238     3238       92         0
                text12                             2772     2772      134         0
                text11                             28A6     28A6      11C         0
                text10                             3626     3626       6C         0
                text9                              30FA     30FA       A4         0
                text8                              3692     3692       6A         0
                text7                              24BA     24BA      168         0
                text6                              353E     353E       74         0
                text5                              37CA     37CA       64         0
                text4                              2D7C     2D7C       C0         0
                text3                              34CA     34CA       74         0
                text2                              3456     3456       74         0
                text1                              335A     335A       86         0
                text0                              2090     2090      276         0
                cinit                              32CA     32CA       90         0
                idataBANK1                         3AC6     3AC6       2B         0
                idataBANK0                         3A98     3A98       2E         0
                idataCOMRAM                        3BBE     3BBE        E         0

        CLASS   CONST          

        CLASS   SMALLCONST     
                smallconst                         1000     1000       16         0

        CLASS   MEDIUMCONST    

        CLASS   COMRAM         
                temp                                 7B       7B        1         1
                cstackCOMRAM                          1        1       63         1
                dataCOMRAM                           64       64        E         1
                bssCOMRAM                            72       72        9         1

        CLASS   ABS1           

        CLASS   BIGRAM         

        CLASS   RAM            

        CLASS   BANK0          
                dataBANK0                            CF       CF       2E         1
                bssBANK0                             80       80       4F         1
                nvBANK0                              FD       FD        1         1

        CLASS   BANK1          
                cstackBANK1                         12B      12B        8         1
                dataBANK1                           100      100       2B         1
                bssBANK1                            133      133        6         1

        CLASS   BANK2          

        CLASS   BANK3          

        CLASS   BANK4          

        CLASS   BANK5          

        CLASS   BANK6          

        CLASS   BANK7          

        CLASS   BANK8          

        CLASS   BANK9          

        CLASS   BANK10         

        CLASS   BANK11         

        CLASS   BANK12         

        CLASS   BANK13         

        CLASS   BANK14         

        CLASS   BANK15         

        CLASS   SFR            

        CLASS   BIGSFR         

        CLASS   CONFIG         
                config                           300000   300000        E         4

        CLASS   IDLOC          

        CLASS   EEDATA         

        CLASS   FARRAM         

        CLASS   HEAP           

        CLASS   STACK          



SEGMENTS        Name                           Load    Length   Top    Selector   Space  Class

                reset_vec                      000000  000004  000004         0       0  CODE    
                cstackCOMRAM                   000001  00007B  00007C         1       1  COMRAM  
                intcode                        000008  00000A  000012         4       0  CODE    
                bssBANK0                       000080  00007E  0000FE        80       1  BANK0   
                dataBANK1                      000100  000039  000139       100       1  BANK1   
                smallconst                     001000  000016  001016       800       0  SMALLCON
                text31                         001016  002ADB  003AF1       80B       0  CODE    
                text32                         003AF2  000126  003C18      1D79       0  CODE    


UNUSED ADDRESS RANGES

        Name                Unused          Largest block    Delta
        BANK0            0000FE-0000FF                2
        BANK1            000139-0001FF               C7
        BANK10           000A00-000AFF              100
        BANK11           000B00-000BFF              100
        BANK12           000C00-000CFF              100
        BANK13           000D00-000DFF              100
        BANK14           000E00-000EFF              100
        BANK15           000F00-000F7F               80
        BANK2            000200-0002FF              100
        BANK3            000300-0003FF              100
        BANK4            000400-0004FF              100
        BANK5            000500-0005FF              100
        BANK6            000600-0006FF              100
        BANK7            000700-0007FF              100
        BANK8            000800-0008FF              100
        BANK9            000900-0009FF              100
        BIGRAM           00007C-00007F                4
                         0000FE-0000FF                2
                         000139-000F7F              E47
        BIGSFR           000F80-000FFF               80
        CODE             000004-000007                4
                         000012-000FFF              FEE
                         003AF1-003AF1                1
                         003C18-00FFFF             C3E8
        COMRAM           00007C-00007F                4
        CONST            000004-000007                4
                         000012-000FFF              FEE
                         003AF1-003AF1                1
                         003C18-00FFFF             C3E8
        EEDATA           F00000-F003FF              400
        IDLOC            200000-200007                8
        MEDIUMCONST      003AF1-003AF1                1
                         003C18-00FFFF             C3E8
        RAM              0000FE-0000FF                2
                         000139-000F7F              100
        SFR              000F80-000FFF               80
        SMALLCONST       003AF1-003AF1                1
                         003C18-00FFFF              100

                                  Symbol Table

?___awdiv                                       cstackCOMRAM 000004
?___awmod                                       cstackCOMRAM 000004
?___fladd                                       cstackCOMRAM 00002B
?___fldiv                                       cstackCOMRAM 000012
?___flmul                                       cstackCOMRAM 00003B
?___fltol                                       cstackCOMRAM 000054
?___lldiv                                       cstackCOMRAM 000010
?___lmul                                        cstackCOMRAM 000004
?___lwdiv                                       cstackCOMRAM 00000A
?___wmul                                        cstackCOMRAM 000004
?___xxtofl                                      cstackCOMRAM 000004
ADC_ISconversion_done@ADC_conf                  cstackCOMRAM 000004
ADC_ISconversion_done@conversion_status         cstackCOMRAM 000005
ADC_ISconversion_done@ret                       cstackCOMRAM 000006
ADC_ISconversion_result@ADC_conf                cstackCOMRAM 000004
ADC_ISconversion_result@conversion_result       cstackCOMRAM 000005
ADC_ISconversion_result@ret                     cstackCOMRAM 000009
ADC_get_conversion_blocking@ADC_CHANNAL_SELECT  cstackCOMRAM 00000C
ADC_get_conversion_blocking@ADC_conf            cstackCOMRAM 00000B
ADC_get_conversion_blocking@conversion_status   cstackCOMRAM 00000D
ADC_get_conversion_blocking@l_conversion_status cstackCOMRAM 00000F
ADC_get_conversion_blocking@ret                 cstackCOMRAM 00000E
ADC_inti@ADC_conf                               cstackCOMRAM 000007
ADC_inti@ret                                    cstackCOMRAM 000009
ADC_select_channal@ADC_CHANNAL_SELECT           cstackCOMRAM 000008
ADC_select_channal@ADC_conf                     cstackCOMRAM 000007
ADC_select_channal@ret                          cstackCOMRAM 00000A
ADC_start_conversion@ADC_conf                   cstackCOMRAM 000004
ADC_start_conversion@ret                        cstackCOMRAM 000005
GPIO_pIN_DIRECTION_INTIALIZE@config_pin         cstackCOMRAM 000004
GPIO_pIN_DIRECTION_INTIALIZE@ret                cstackCOMRAM 00000B
GPIO_pIN_INTIALIZE@config_pin                   cstackCOMRAM 00000D
GPIO_pIN_INTIALIZE@ret                          cstackCOMRAM 000010
GPIO_pIN_WRITE_LOGIC@config_pin                 cstackCOMRAM 000004
GPIO_pIN_WRITE_LOGIC@logic                      cstackCOMRAM 000006
GPIO_pIN_WRITE_LOGIC@ret                        cstackCOMRAM 00000C
I2C_Master_Mode_Clock_Configurations@i2c_obj    cstackCOMRAM 00005E
I2C_Slave_Mode_Configurations@i2c_obj           cstackCOMRAM 000004
MSSP_I2C_Init@i2c_obj                           cstackCOMRAM 000061
MSSP_I2C_Init@ret                               cstackCOMRAM 000063
MSSP_I2C_Interrupt_Configurations@i2c_obj       cstackCOMRAM 000004
RB4_ISR@value                                   cstackCOMRAM 000001
RB5_ISR@value                                   cstackCOMRAM 000001
RB6_ISR@value                                   cstackCOMRAM 000001
RB7_ISR@value                                   cstackCOMRAM 000001
Timer1_init@Timer1                              cstackCOMRAM 000005
Timer1_init@ret                                 cstackCOMRAM 000008
Timer2_init@Timer2                              cstackCOMRAM 000004
Timer2_init@ret                                 cstackCOMRAM 000006
_ADCON0bits                                     (abs)        000FC2
_ADCON1bits                                     (abs)        000FC1
_ADCON2bits                                     (abs)        000FC0
_ADC_                                           dataBANK0    0000ED
_ADC_DATA_RET                                   bssCOMRAM    000079
_ADC_INTERRUPTHANDLER                           bssBANK0     0000BF
_ADC_ISconversion_done                          text41       003878
_ADC_ISconversion_result                        text40       002E3C
_ADC_get_conversion_blocking                    text36       0036FC
_ADC_handeler_funvtion                          text62       003C12
_ADC_inti                                       text23       002FA4
_ADC_select_channal                             text38       0039F8
_ADC_start_conversion                           text37       003B18
_ADRESH                                         (abs)        000FC4
_ADRESL                                         (abs)        000FC3
_BAUDCONbits                                    (abs)        000FB8
_CCP1CONbits                                    (abs)        000FBD
_CCP1_ISR                                       text61       003C0E
_CCP1_Interrupthandler                          bssBANK0     0000BD
_CCP2CONbits                                    (abs)        000FBA
_CCP2_ISR                                       text60       003C0A
_CCP2_Interrupthandler                          bssBANK0     0000BB
_CCPR1L                                         (abs)        000FBE
_CCPR2L                                         (abs)        000FBB
_EEADR                                          (abs)        000FA9
_EEADRH                                         (abs)        000FAA
_EECON1bits                                     (abs)        000FA6
_EECON2                                         (abs)        000FA7
_EEDATA                                         (abs)        000FA8
_GPIO_pIN_DIRECTION_INTIALIZE                   text12       002772
_GPIO_pIN_INTIALIZE                             text10       003626
_GPIO_pIN_WRITE_LOGIC                           text11       0028A6
_I2C_DefaultInterruptHandle                     bssBANK0     0000B7
_I2C_Master_Mode_Clock_Configurations           text22       00319E
_I2C_Report_Receive_Overflow_InterruptHandle    bssBANK0     0000B5
_I2C_Report_Write_Collision_InterruptHandler    bssBANK0     0000B9
_I2C_Slave_Mode_Configurations                  text21       003B3A
_INT0_ISR                                       text59       003C06
_INT1_ISR                                       text58       003C02
_INT2_ISR                                       text57       003BFE
_INTCON2bits                                    (abs)        000FF1
_INTCON3bits                                    (abs)        000FF0
_INTCONbits                                     (abs)        000FF2
_IPR2bits                                       (abs)        000FA2
_Int0_interrupthandler                          bssBANK0     0000B3
_Int1_interrupthandler                          bssBANK0     0000B1
_Int2_interrupthandler                          bssBANK0     0000AF
_LATA                                           (abs)        000F89
_LATB                                           (abs)        000F8A
_LATC                                           (abs)        000F8B
_LATD                                           (abs)        000F8C
_LATE                                           (abs)        000F8D
_MSSP_I2C_BC_ISR                                text56       003BFA
_MSSP_I2C_ISR                                   text54       003A68
_MSSP_I2C_Init                                  text18       002622
_MSSP_I2C_Interrupt_Configurations              text20       00382E
_MSSP_I2C_Mode_GPIO_CFG                         text19       003BF0
_PIE1bits                                       (abs)        000F9D
_PIE2bits                                       (abs)        000FA0
_PIR1bits                                       (abs)        000F9E
_PIR2bits                                       (abs)        000FA1
_PORTA                                          (abs)        000F80
_PORTB                                          (abs)        000F81
_PORTBbits                                      (abs)        000F81
_PORTC                                          (abs)        000F82
_PORTD                                          (abs)        000F83
_PORTE                                          (abs)        000F84
_PR2                                            (abs)        000FCB
_RB4_ISR                                        text53       003BA4
_RB4_interrupthandler_high                      bssBANK0     0000AD
_RB4_interrupthandler_low                       bssBANK0     0000AB
_RB5_ISR                                        text52       003B8A
_RB5_interrupthandler_high                      bssBANK0     0000A9
_RB5_interrupthandler_low                       bssBANK0     0000A7
_RB6_ISR                                        text51       003B70
_RB6_interrupthandler_high                      bssBANK0     0000A5
_RB6_interrupthandler_low                       bssBANK0     0000A3
_RB7_ISR                                        text50       003B56
_RB7_interrupthandler_high                      bssBANK0     0000A1
_RB7_interrupthandler_low                       bssBANK0     00009F
_RCREG                                          (abs)        000FAE
_RCSTAbits                                      (abs)        000FAB
_SPBRG                                          (abs)        000FAF
_SPBRGH                                         (abs)        000FB0
_SSPADD                                         (abs)        000FC8
_SSPBUF                                         (abs)        000FC9
_SSPCON1bits                                    (abs)        000FC6
_SSPCON2bits                                    (abs)        000FC5
_SSPSTATbits                                    (abs)        000FC7
_T0CONbits                                      (abs)        000FD5
_T1CONbits                                      (abs)        000FCD
_T2CONbits                                      (abs)        000FCA
_T3CONbits                                      (abs)        000FB1
_TIMER0_ISR                                     text49       003BDA
_TIMER0_Interrupthandler                        bssBANK0     00009D
_TIMER1_ISR                                     text47       003A30
_TIMER1_Interrupthandler                        bssBANK0     000099
_TIMER2_ISR                                     text46       003BE8
_TIMER2_Interrupthandler                        bssBANK0     000095
_TIMER3_ISR                                     text45       003BCC
_TIMER3_Interrupthandler                        bssBANK0     000093
_TMR0H                                          (abs)        000FD7
_TMR0L                                          (abs)        000FD6
_TMR1H                                          (abs)        000FCF
_TMR1L                                          (abs)        000FCE
_TMR2                                           (abs)        000FCC
_TMR3H                                          (abs)        000FB3
_TMR3L                                          (abs)        000FB2
_TRISA                                          (abs)        000F92
_TRISB                                          (abs)        000F93
_TRISC                                          (abs)        000F94
_TRISCbits                                      (abs)        000F94
_TRISD                                          (abs)        000F95
_TRISE                                          (abs)        000F96
_TXREG                                          (abs)        000FAD
_TXSTAbits                                      (abs)        000FAC
_Timer0_preload                                 bssBANK0     00009B
_Timer1                                         dataBANK0    0000F3
_Timer1_init                                    text14       003050
_Timer1_preload                                 bssBANK0     000097
_Timer2                                         bssBANK0     0000CB
_Timer2_init                                    text13       003238
_Timer2_preload                                 bssBANK0     0000C2
_Timer3_preload                                 bssBANK0     000091
_USART_FRAMERROR_Interrupthandler               bssBANK0     00008B
_USART_OVERRUN_Interrupthandler                 bssBANK0     000089
_USART_RX_ISR                                   text44       003C16
_USART_RX_Interrupthandler                      bssBANK0     00008D
_USART_TX_ISR                                   text43       003BF6
_USART_TX_Interrupthandler                      bssBANK0     00008F
__HRAM                                          (abs)        000000
__H__absolute__                                 __absolute__ 000000
__Habs1                                         abs1         000000
__Hbank0                                        bank0        000000
__Hbank1                                        bank1        000000
__Hbank10                                       bank10       000000
__Hbank11                                       bank11       000000
__Hbank12                                       bank12       000000
__Hbank13                                       bank13       000000
__Hbank14                                       bank14       000000
__Hbank15                                       bank15       000000
__Hbank2                                        bank2        000000
__Hbank3                                        bank3        000000
__Hbank4                                        bank4        000000
__Hbank5                                        bank5        000000
__Hbank6                                        bank6        000000
__Hbank7                                        bank7        000000
__Hbank8                                        bank8        000000
__Hbank9                                        bank9        000000
__Hbigbss                                       bigbss       000000
__Hbigdata                                      bigdata      000000
__Hbigram                                       bigram       000000
__Hbigsfr                                       bigsfr       000000
__Hbss                                          bss          000000
__HbssBANK0                                     bssBANK0     000000
__HbssBANK1                                     bssBANK1     000000
__HbssCOMRAM                                    bssCOMRAM    000000
__Hcinit                                        cinit        000000
__Hclrtext                                      clrtext      000000
__Hcomram                                       comram       000000
__Hconfig                                       config       30000E
__Hconst                                        const        000000
__HcstackBANK1                                  cstackBANK1  000000
__HcstackCOMRAM                                 cstackCOMRAM 000000
__Hdata                                         data         000000
__HdataBANK0                                    dataBANK0    000000
__HdataBANK1                                    dataBANK1    000000
__HdataCOMRAM                                   dataCOMRAM   000000
__Heeprom_data                                  eeprom_data  000000
__Hfarbss                                       farbss       000000
__Hfardata                                      fardata      000000
__Hheap                                         heap         000000
__Hibigdata                                     ibigdata     000000
__Hidata                                        idata        000000
__HidataBANK0                                   idataBANK0   000000
__HidataBANK1                                   idataBANK1   000000
__HidataCOMRAM                                  idataCOMRAM  000000
__Hidloc                                        idloc        000000
__Hifardata                                     ifardata     000000
__Hinit                                         init         000012
__Hintcode                                      intcode      00000E
__Hintcode_body                                 intcode_body 000000
__Hintcodelo                                    intcodelo    00000E
__Hintentry                                     intentry     000000
__Hintret                                       intret       000000
__Hintsave_regs                                 intsave_regs 000000
__Hirdata                                       irdata       000000
__Hmediumconst                                  mediumconst  000000
__HnvBANK0                                      nvBANK0      000000
__HnvFARRAM                                     nvFARRAM     000000
__Hnvbit                                        nvbit        000000
__Hnvrram                                       nvrram       000000
__Hparam                                        rparam       000000
__Hpowerup                                      powerup      00000E
__Hram                                          ram          000000
__Hramtop                                       ramtop       001000
__Hrbit                                         rbit         000000
__Hrbss                                         rbss         000000
__Hrdata                                        rdata        000000
__Hreset_vec                                    reset_vec    000004
__Hrparam                                       rparam       000000
__Hsfr                                          sfr          000000
__Hsmallconst                                   smallconst   001016
__Hspace_0                                      (abs)        003C18
__Hspace_1                                      (abs)        000139
__Hspace_2                                      (abs)        000000
__Hspace_4                                      (abs)        60000E
__Hstack                                        stack        000000
__Hstruct                                       struct       000000
__Htemp                                         temp         00007C
__Htext                                         text         000000
__Htext0                                        text0        000000
__Htext1                                        text1        000000
__Htext10                                       text10       000000
__Htext11                                       text11       000000
__Htext12                                       text12       000000
__Htext13                                       text13       000000
__Htext14                                       text14       000000
__Htext15                                       text15       000000
__Htext16                                       text16       000000
__Htext17                                       text17       000000
__Htext18                                       text18       000000
__Htext19                                       text19       000000
__Htext2                                        text2        000000
__Htext20                                       text20       000000
__Htext21                                       text21       000000
__Htext22                                       text22       000000
__Htext23                                       text23       000000
__Htext24                                       text24       000000
__Htext25                                       text25       000000
__Htext26                                       text26       000000
__Htext27                                       text27       000000
__Htext28                                       text28       000000
__Htext29                                       text29       000000
__Htext3                                        text3        000000
__Htext30                                       text30       000000
__Htext31                                       text31       000000
__Htext32                                       text32       000000
__Htext33                                       text33       000000
__Htext34                                       text34       000000
__Htext35                                       text35       000000
__Htext36                                       text36       000000
__Htext37                                       text37       000000
__Htext38                                       text38       000000
__Htext39                                       text39       000000
__Htext4                                        text4        000000
__Htext40                                       text40       000000
__Htext41                                       text41       000000
__Htext43                                       text43       000000
__Htext44                                       text44       000000
__Htext45                                       text45       000000
__Htext46                                       text46       000000
__Htext47                                       text47       000000
__Htext48                                       text48       000000
__Htext49                                       text49       000000
__Htext5                                        text5        000000
__Htext50                                       text50       000000
__Htext51                                       text51       000000
__Htext52                                       text52       000000
__Htext53                                       text53       000000
__Htext54                                       text54       000000
__Htext55                                       text55       000000
__Htext56                                       text56       000000
__Htext57                                       text57       000000
__Htext58                                       text58       000000
__Htext59                                       text59       000000
__Htext6                                        text6        000000
__Htext60                                       text60       000000
__Htext61                                       text61       000000
__Htext62                                       text62       000000
__Htext63                                       text63       000000
__Htext7                                        text7        000000
__Htext8                                        text8        000000
__Htext9                                        text9        000000
__LRAM                                          (abs)        000001
__L__absolute__                                 __absolute__ 000000
__Labs1                                         abs1         000000
__Lbank0                                        bank0        000000
__Lbank1                                        bank1        000000
__Lbank10                                       bank10       000000
__Lbank11                                       bank11       000000
__Lbank12                                       bank12       000000
__Lbank13                                       bank13       000000
__Lbank14                                       bank14       000000
__Lbank15                                       bank15       000000
__Lbank2                                        bank2        000000
__Lbank3                                        bank3        000000
__Lbank4                                        bank4        000000
__Lbank5                                        bank5        000000
__Lbank6                                        bank6        000000
__Lbank7                                        bank7        000000
__Lbank8                                        bank8        000000
__Lbank9                                        bank9        000000
__Lbigbss                                       bigbss       000000
__Lbigdata                                      bigdata      000000
__Lbigram                                       bigram       000000
__Lbigsfr                                       bigsfr       000000
__Lbss                                          bss          000000
__LbssBANK0                                     bssBANK0     000000
__LbssBANK1                                     bssBANK1     000000
__LbssCOMRAM                                    bssCOMRAM    000000
__Lcinit                                        cinit        000000
__Lclrtext                                      clrtext      000000
__Lcomram                                       comram       000000
__Lconfig                                       config       000000
__Lconst                                        const        000000
__LcstackBANK1                                  cstackBANK1  000000
__LcstackCOMRAM                                 cstackCOMRAM 000000
__Ldata                                         data         000000
__LdataBANK0                                    dataBANK0    000000
__LdataBANK1                                    dataBANK1    000000
__LdataCOMRAM                                   dataCOMRAM   000000
__Leeprom_data                                  eeprom_data  000000
__Lfarbss                                       farbss       000000
__Lfardata                                      fardata      000000
__Lheap                                         heap         000000
__Libigdata                                     ibigdata     000000
__Lidata                                        idata        000000
__LidataBANK0                                   idataBANK0   000000
__LidataBANK1                                   idataBANK1   000000
__LidataCOMRAM                                  idataCOMRAM  000000
__Lidloc                                        idloc        000000
__Lifardata                                     ifardata     000000
__Linit                                         init         00000E
__Lintcode                                      intcode      000008
__Lintcode_body                                 intcode_body 000000
__Lintcodelo                                    intcodelo    00000E
__Lintentry                                     intentry     000000
__Lintret                                       intret       000000
__Lintsave_regs                                 intsave_regs 000000
__Lirdata                                       irdata       000000
__Lmediumconst                                  mediumconst  000000
__LnvBANK0                                      nvBANK0      000000
__LnvFARRAM                                     nvFARRAM     000000
__Lnvbit                                        nvbit        000000
__Lnvrram                                       nvrram       000000
__Lparam                                        rparam       000000
__Lpowerup                                      powerup      00000E
__Lram                                          ram          000000
__Lramtop                                       ramtop       001000
__Lrbit                                         rbit         000000
__Lrbss                                         rbss         000000
__Lrdata                                        rdata        000000
__Lreset_vec                                    reset_vec    000000
__Lrparam                                       rparam       000000
__Lsfr                                          sfr          000000
__Lsmallconst                                   smallconst   001000
__Lspace_0                                      (abs)        000000
__Lspace_1                                      (abs)        000000
__Lspace_2                                      (abs)        000000
__Lspace_4                                      (abs)        000000
__Lstack                                        stack        000000
__Lstruct                                       struct       000000
__Ltemp                                         temp         00007B
__Ltext                                         text         000000
__Ltext0                                        text0        000000
__Ltext1                                        text1        000000
__Ltext10                                       text10       000000
__Ltext11                                       text11       000000
__Ltext12                                       text12       000000
__Ltext13                                       text13       000000
__Ltext14                                       text14       000000
__Ltext15                                       text15       000000
__Ltext16                                       text16       000000
__Ltext17                                       text17       000000
__Ltext18                                       text18       000000
__Ltext19                                       text19       000000
__Ltext2                                        text2        000000
__Ltext20                                       text20       000000
__Ltext21                                       text21       000000
__Ltext22                                       text22       000000
__Ltext23                                       text23       000000
__Ltext24                                       text24       000000
__Ltext25                                       text25       000000
__Ltext26                                       text26       000000
__Ltext27                                       text27       000000
__Ltext28                                       text28       000000
__Ltext29                                       text29       000000
__Ltext3                                        text3        000000
__Ltext30                                       text30       000000
__Ltext31                                       text31       000000
__Ltext32                                       text32       000000
__Ltext33                                       text33       000000
__Ltext34                                       text34       000000
__Ltext35                                       text35       000000
__Ltext36                                       text36       000000
__Ltext37                                       text37       000000
__Ltext38                                       text38       000000
__Ltext39                                       text39       000000
__Ltext4                                        text4        000000
__Ltext40                                       text40       000000
__Ltext41                                       text41       000000
__Ltext43                                       text43       000000
__Ltext44                                       text44       000000
__Ltext45                                       text45       000000
__Ltext46                                       text46       000000
__Ltext47                                       text47       000000
__Ltext48                                       text48       000000
__Ltext49                                       text49       000000
__Ltext5                                        text5        000000
__Ltext50                                       text50       000000
__Ltext51                                       text51       000000
__Ltext52                                       text52       000000
__Ltext53                                       text53       000000
__Ltext54                                       text54       000000
__Ltext55                                       text55       000000
__Ltext56                                       text56       000000
__Ltext57                                       text57       000000
__Ltext58                                       text58       000000
__Ltext59                                       text59       000000
__Ltext6                                        text6        000000
__Ltext60                                       text60       000000
__Ltext61                                       text61       000000
__Ltext62                                       text62       000000
__Ltext63                                       text63       000000
__Ltext7                                        text7        000000
__Ltext8                                        text8        000000
__Ltext9                                        text9        000000
__S0                                            (abs)        003C18
__S1                                            (abs)        000139
__S4                                            (abs)        000000
__S5                                            (abs)        000000
___awdiv                                        text35       002CB8
___awdiv@counter                                cstackCOMRAM 000008
___awdiv@dividend                               cstackCOMRAM 000004
___awdiv@divisor                                cstackCOMRAM 000006
___awdiv@quotient                               cstackCOMRAM 00000A
___awdiv@sign                                   cstackCOMRAM 000009
___awmod                                        text34       002EF4
___awmod@counter                                cstackCOMRAM 000008
___awmod@dividend                               cstackCOMRAM 000004
___awmod@divisor                                cstackCOMRAM 000006
___awmod@sign                                   cstackCOMRAM 000009
___fladd                                        text31       001016
___fladd@a                                      cstackCOMRAM 00002F
___fladd@aexp                                   cstackCOMRAM 000038
___fladd@b                                      cstackCOMRAM 00002B
___fladd@bexp                                   cstackCOMRAM 000039
___fladd@grs                                    cstackCOMRAM 00003A
___fladd@signs                                  cstackCOMRAM 000037
___fldiv                                        text30       001CF6
___fldiv@a                                      cstackCOMRAM 000016
___fldiv@aexp                                   cstackCOMRAM 00002A
___fldiv@b                                      cstackCOMRAM 000012
___fldiv@bexp                                   cstackCOMRAM 000029
___fldiv@grs                                    cstackCOMRAM 000025
___fldiv@new_exp                                cstackCOMRAM 000023
___fldiv@rem                                    cstackCOMRAM 00001E
___fldiv@sign                                   cstackCOMRAM 000022
___flmul                                        text29       0014D6
___flmul@a                                      cstackCOMRAM 00003F
___flmul@aexp                                   cstackCOMRAM 000048
___flmul@b                                      cstackCOMRAM 00003B
___flmul@bexp                                   cstackCOMRAM 00004D
___flmul@grs                                    cstackCOMRAM 000049
___flmul@prod                                   cstackCOMRAM 00004E
___flmul@sign                                   cstackCOMRAM 000047
___flmul@temp                                   cstackCOMRAM 000052
___fltol                                        text28       002ADA
___fltol@exp1                                   cstackCOMRAM 00005D
___fltol@f1                                     cstackCOMRAM 000054
___fltol@sign1                                  cstackCOMRAM 00005C
___heap_hi                                      (abs)        000000
___heap_lo                                      (abs)        000000
___inthi_sp                                     stack        000000
___inthi_stack_hi                               stack        000000
___inthi_stack_lo                               stack        000000
___intlo_sp                                     stack        000000
___intlo_stack_hi                               stack        000000
___intlo_stack_lo                               stack        000000
___lldiv                                        text9        0030FA
___lldiv@counter                                cstackCOMRAM 00001C
___lldiv@dividend                               cstackCOMRAM 000010
___lldiv@divisor                                cstackCOMRAM 000014
___lldiv@quotient                               cstackCOMRAM 000018
___lmul                                         text8        003692
___lmul@multiplicand                            cstackCOMRAM 000008
___lmul@multiplier                              cstackCOMRAM 000004
___lmul@product                                 cstackCOMRAM 00000C
___lwdiv                                        text33       0035B2
___lwdiv@counter                                cstackCOMRAM 000010
___lwdiv@dividend                               cstackCOMRAM 00000A
___lwdiv@divisor                                cstackCOMRAM 00000C
___lwdiv@quotient                               cstackCOMRAM 00000E
___param_bank                                   (abs)        000000
___rparam_used                                  (abs)        000001
___sp                                           stack        000000
___stack_hi                                     stack        000000
___stack_lo                                     stack        000000
___wmul                                         text32       003AF2
___wmul@multiplicand                            cstackCOMRAM 000006
___wmul@multiplier                              cstackCOMRAM 000004
___wmul@product                                 cstackCOMRAM 000008
___xxtofl                                       text27       002306
___xxtofl@arg                                   cstackCOMRAM 00000E
___xxtofl@exp                                   cstackCOMRAM 00000D
___xxtofl@sign                                  cstackCOMRAM 00000C
___xxtofl@val                                   cstackCOMRAM 000004
__accesstop                                     (abs)        000080
__activetblptr                                  (abs)        000003
__end_of_ADC_ISconversion_done                  text41       0038C2
__end_of_ADC_ISconversion_result                text40       002EF4
__end_of_ADC_get_conversion_blocking            text36       003764
__end_of_ADC_handeler_funvtion                  text62       003C16
__end_of_ADC_inti                               text23       003050
__end_of_ADC_select_channal                     text38       003A30
__end_of_ADC_start_conversion                   text37       003B3A
__end_of_CCP1_ISR                               text61       003C12
__end_of_CCP2_ISR                               text60       003C0E
__end_of_GPIO_pIN_DIRECTION_INTIALIZE           text12       0028A6
__end_of_GPIO_pIN_INTIALIZE                     text10       003692
__end_of_GPIO_pIN_WRITE_LOGIC                   text11       0029C2
__end_of_I2C_Master_Mode_Clock_Configurations   text22       003238
__end_of_I2C_Slave_Mode_Configurations          text21       003B56
__end_of_INT0_ISR                               text59       003C0A
__end_of_INT1_ISR                               text58       003C06
__end_of_INT2_ISR                               text57       003C02
__end_of_MSSP_I2C_BC_ISR                        text56       003BFE
__end_of_MSSP_I2C_ISR                           text54       003A98
__end_of_MSSP_I2C_Init                          text18       002772
__end_of_MSSP_I2C_Interrupt_Configurations      text20       003878
__end_of_MSSP_I2C_Mode_GPIO_CFG                 text19       003BF6
__end_of_RB4_ISR                                text53       003BBE
__end_of_RB5_ISR                                text52       003BA4
__end_of_RB6_ISR                                text51       003B8A
__end_of_RB7_ISR                                text50       003B70
__end_of_TIMER0_ISR                             text49       003BE8
__end_of_TIMER1_ISR                             text47       003A68
__end_of_TIMER2_ISR                             text46       003BF0
__end_of_TIMER3_ISR                             text45       003BDA
__end_of_Timer1_init                            text14       0030FA
__end_of_Timer2_init                            text13       0032CA
__end_of_USART_RX_ISR                           text44       003C18
__end_of_USART_TX_ISR                           text43       003BFA
__end_of___awdiv                                text35       002D7C
__end_of___awmod                                text34       002FA4
__end_of___fladd                                text31       0014D6
__end_of___fldiv                                text30       002090
__end_of___flmul                                text29       001900
__end_of___fltol                                text28       002BE0
__end_of___lldiv                                text9        00319E
__end_of___lmul                                 text8        0036FC
__end_of___lwdiv                                text33       003626
__end_of___wmul                                 text32       003B18
__end_of___xxtofl                               text27       0024BA
__end_of__initialization                        cinit        003350
__end_of_adc_channel_port_confige               text39       002CB8
__end_of_ccp2_init                              text7        002622
__end_of_ccp2_pwm_set_duty                      text26       002ADA
__end_of_configure_voltage_ref                  text25       003908
__end_of_interrupt_manager                      intcode_body 001CF6
__end_of_intitialized_functions                 text4        002E3C
__end_of_main                                   text0        002306
__end_of_mssp_I2C_DefaultInterruptHandler       text55       003984
__end_of_relay_intialize                        text6        0035B2
__end_of_relay_turn_off                         text3        00353E
__end_of_relay_turn_on                          text2        0034CA
__end_of_segment_intialized                     text5        00382E
__end_of_segment_wright_logic                   text1        0033E0
__end_of_select_result_format                   text24       003948
__end_of_timer1_interrupt                       text48       0037CA
__end_of_timer1_mode_cfg                        text17       003456
__end_of_timer1_osc_cfg                         text16       0039F8
__end_of_timer1_reg_bit_cfg                     text15       0039BE
__end_of_value_ret                              smallconst   001011
__initialization                                cinit        0032CA
__mediumconst                                   mediumconst  000000
__pbssBANK0                                     bssBANK0     000080
__pbssBANK1                                     bssBANK1     000133
__pbssCOMRAM                                    bssCOMRAM    000072
__pcinit                                        cinit        0032CA
__pcstackBANK1                                  cstackBANK1  00012B
__pcstackCOMRAM                                 cstackCOMRAM 000001
__pdataBANK0                                    dataBANK0    0000CF
__pdataBANK1                                    dataBANK1    000100
__pdataCOMRAM                                   dataCOMRAM   000064
__pidataBANK0                                   idataBANK0   003A98
__pidataBANK1                                   idataBANK1   003AC6
__pidataCOMRAM                                  idataCOMRAM  003BBE
__pintcode                                      intcode      000008
__pintcode_body                                 intcode_body 001900
__pnvBANK0                                      nvBANK0      0000FD
__psmallconst                                   smallconst   001000
__ptext0                                        text0        002090
__ptext1                                        text1        00335A
__ptext10                                       text10       003626
__ptext11                                       text11       0028A6
__ptext12                                       text12       002772
__ptext13                                       text13       003238
__ptext14                                       text14       003050
__ptext15                                       text15       003984
__ptext16                                       text16       0039BE
__ptext17                                       text17       0033E0
__ptext18                                       text18       002622
__ptext19                                       text19       003BF0
__ptext2                                        text2        003456
__ptext20                                       text20       00382E
__ptext21                                       text21       003B3A
__ptext22                                       text22       00319E
__ptext23                                       text23       002FA4
__ptext24                                       text24       003908
__ptext25                                       text25       0038C2
__ptext26                                       text26       0029C2
__ptext27                                       text27       002306
__ptext28                                       text28       002ADA
__ptext29                                       text29       0014D6
__ptext3                                        text3        0034CA
__ptext30                                       text30       001CF6
__ptext31                                       text31       001016
__ptext32                                       text32       003AF2
__ptext33                                       text33       0035B2
__ptext34                                       text34       002EF4
__ptext35                                       text35       002CB8
__ptext36                                       text36       0036FC
__ptext37                                       text37       003B18
__ptext38                                       text38       0039F8
__ptext39                                       text39       002BE0
__ptext4                                        text4        002D7C
__ptext40                                       text40       002E3C
__ptext41                                       text41       003878
__ptext43                                       text43       003BF6
__ptext44                                       text44       003C16
__ptext45                                       text45       003BCC
__ptext46                                       text46       003BE8
__ptext47                                       text47       003A30
__ptext48                                       text48       003764
__ptext49                                       text49       003BDA
__ptext5                                        text5        0037CA
__ptext50                                       text50       003B56
__ptext51                                       text51       003B70
__ptext52                                       text52       003B8A
__ptext53                                       text53       003BA4
__ptext54                                       text54       003A68
__ptext55                                       text55       003948
__ptext56                                       text56       003BFA
__ptext57                                       text57       003BFE
__ptext58                                       text58       003C02
__ptext59                                       text59       003C06
__ptext6                                        text6        00353E
__ptext60                                       text60       003C0A
__ptext61                                       text61       003C0E
__ptext62                                       text62       003C12
__ptext63                                       text63       000000
__ptext7                                        text7        0024BA
__ptext8                                        text8        003692
__ptext9                                        text9        0030FA
__ramtop                                        ramtop       001000
__smallconst                                    smallconst   001000
_adc_channel_port_confige                       text39       002BE0
_button_1                                       dataBANK0    0000E6
_button_2                                       dataBANK0    0000E3
_ccp2_                                          dataBANK1    000121
_ccp2_init                                      text7        0024BA
_ccp2_pwm_set_duty                              text26       0029C2
_ccp2_pwm_set_duty$5515                         cstackBANK1  00012B
_configure_voltage_ref                          text25       0038C2
_couinter                                       bssCOMRAM    000076
_couinter1                                      bssBANK0     0000CA
_couinter2                                      bssBANK0     0000C9
_data                                           bssBANK0     000086
_data_dev                                       bssCOMRAM    000077
_flag1                                          dataCOMRAM   000067
_flag2                                          dataCOMRAM   000066
_flag3                                          dataCOMRAM   000065
_flag4                                          dataCOMRAM   000064
_hours                                          bssCOMRAM    000075
_interrupt_manager                              intcode      000008
_intitialized_functions                         text4        002D7C
_lat_regisrers                                  dataBANK0    0000CF
_led_1                                          dataBANK0    0000EC
_led_2                                          dataBANK0    0000EB
_led_room_3                                     dataCOMRAM   00006B
_main                                           text0        002090
_matrix_keypad_1                                dataBANK1    00010A
_minutes                                        dataCOMRAM   000068
_mssp_I2C_DefaultInterruptHandler               text55       003948
_mssp_i2c                                       dataBANK1    000112
_pin_1                                          dataCOMRAM   000071
_pin_2                                          dataCOMRAM   000070
_pin_3                                          dataCOMRAM   00006F
_pin_4                                          dataCOMRAM   00006E
_pin_5                                          dataCOMRAM   00006D
_pin_6                                          dataCOMRAM   00006C
_port_regisrers                                 dataBANK1    000100
_relay                                          dataCOMRAM   00006A
_relay_1                                        dataBANK0    0000EA
_relay_2                                        dataBANK0    0000E9
_relay_intialize                                text6        00353E
_relay_turn_off                                 text3        0034CA
_relay_turn_on                                  text2        003456
_ret                                            nvBANK0      0000FD
_ret_i2c_data_1                                 bssCOMRAM    000078
_return_data_array                              bssBANK1     000133
_seconds                                        dataCOMRAM   000069
_segment                                        dataBANK0    0000F8
_segment_intialized                             text5        0037CA
_segment_wright_logic                           text1        00335A
_select_result_format                           text24       003908
_timer1_interrupt                               text48       003764
_timer1_mode_cfg                                text17       0033E0
_timer1_osc_cfg                                 text16       0039BE
_timer1_reg_bit_cfg                             text15       003984
_timer2_counter                                 bssBANK0     0000C8
_tris_regisrers                                 dataBANK0    0000D9
_value_ret                                      smallconst   001001
adc_channel_port_confige@ADC_CHANNAL_SELECT     cstackCOMRAM 000006
btemp                                           temp         00007B
ccp2_init@ccp2_                                 cstackCOMRAM 00001D
ccp2_init@ret                                   cstackCOMRAM 000023
ccp2_pwm_set_duty@duty                          cstackBANK1  00012F
ccp2_pwm_set_duty@duty_                         cstackBANK1  000130
ccp2_pwm_set_duty@l_duty_temp                   cstackBANK1  000131
configure_voltage_ref@ADC_conf                  cstackCOMRAM 000004
end_of_initialization                           cinit        003350
int$flags                                       temp         00007B
int_func                                        intcode_body 001900
intlevel0                                       text         000000
intlevel1                                       text         000000
intlevel2                                       text         000000
intlevel3                                       text         000000
isa$std                                         (abs)        000001
isa$xinst                                       (abs)        000000
led_intialize@F3060                             bssCOMRAM    000074
led_toggle@F3075                                bssBANK0     0000C7
led_turn_off@F3070                              bssCOMRAM    000072
led_turn_on@F3065                               bssCOMRAM    000073
relay_intialize@F3060                           bssBANK0     0000C6
relay_intialize@pin_config                      cstackCOMRAM 000014
relay_intialize@relay                           cstackCOMRAM 000011
relay_intialize@ret                             cstackCOMRAM 000013
relay_toggle@F3075                              bssBANK0     0000C3
relay_turn_off@F3070                            bssBANK0     0000C4
relay_turn_off@pin_config                       cstackCOMRAM 000010
relay_turn_off@relay                            cstackCOMRAM 00000D
relay_turn_off@ret                              cstackCOMRAM 00000F
relay_turn_on@F3065                             bssBANK0     0000C5
relay_turn_on@pin_config                        cstackCOMRAM 000010
relay_turn_on@relay                             cstackCOMRAM 00000D
relay_turn_on@ret                               cstackCOMRAM 00000F
segment_intialized@ret                          cstackCOMRAM 000013
segment_intialized@segment                      cstackCOMRAM 000011
segment_wright_logic@number                     cstackCOMRAM 00000E
segment_wright_logic@ret                        cstackCOMRAM 000010
segment_wright_logic@segment                    cstackCOMRAM 00000D
select_result_format@ADC_conf                   cstackCOMRAM 000004
stackhi                                         (abs)        000000
stacklo                                         (abs)        000000
start                                           init         00000E
start_initialization                            cinit        0032CA
timer1_mode_cfg@Timer1                          cstackCOMRAM 000004
timer1_osc_cfg@Timer1                           cstackCOMRAM 000004
timer1_reg_bit_cfg@Timer1                       cstackCOMRAM 000004
ttemp5                                          temp         00007C
ttemp6                                          temp         00007F
ttemp7                                          temp         000083
wtemp8                                          temp         00007C


MODULE INFORMATION

Module		Function		Class		Link	Load	Size
C:\Program Files\Microchip\xc8\v2.45\pic\sources\c99\common\Umul16.c
		___wmul        		CODE           	3AF2	0000	38

C:\Program Files\Microchip\xc8\v2.45\pic\sources\c99\common\Umul16.c estimated size: 38

MKAL_layer/USART/hal_usart.c
		_USART_RX_ISR  		CODE           	3C16	0000	2
		_USART_TX_ISR  		CODE           	3BF6	0000	4

MKAL_layer/USART/hal_usart.c estimated size: 6

MKAL_layer/timer/hal_timer0.c
		_TIMER0_ISR    		CODE           	3BDA	0000	14

MKAL_layer/timer/hal_timer0.c estimated size: 14

MKAL_layer/gpio/pro_gpio.c
		_GPIO_pIN_WRITE_LOGIC		CODE           	28A6	0000	284
		_GPIO_pIN_INTIALIZE		CODE           	3626	0000	108
		_GPIO_pIN_DIRECTION_INTIALIZE		CODE           	2772	0000	308

MKAL_layer/gpio/pro_gpio.c estimated size: 700

MKAL_layer/I2C/hal_i2c.c
		_MSSP_I2C_ISR  		CODE           	3A68	0000	48
		_MSSP_I2C_Init 		CODE           	2622	0000	336
		_MSSP_I2C_Interrupt_Configurations		CODE           	382E	0000	74
		_MSSP_I2C_BC_ISR		CODE           	3BFA	0000	4
		_I2C_Slave_Mode_Configurations		CODE           	3B3A	0000	28
		_I2C_Master_Mode_Clock_Configurations		CODE           	319E	0000	154
		_MSSP_I2C_Mode_GPIO_CFG		CODE           	3BF0	0000	6

MKAL_layer/I2C/hal_i2c.c estimated size: 650

MKAL_layer/timer3/hal_timer3.c
		_TIMER3_ISR    		CODE           	3BCC	0000	14

MKAL_layer/timer3/hal_timer3.c estimated size: 14

C:\Program Files\Microchip\xc8\v2.45\pic\sources\c99\common\Umul32.c
		___lmul        		CODE           	3692	0000	106

C:\Program Files\Microchip\xc8\v2.45\pic\sources\c99\common\Umul32.c estimated size: 106

ECU_layer/relay/ecu_relay.c
		_relay_turn_off		CODE           	34CA	0000	116
		_relay_intialize		CODE           	353E	0000	116
		_relay_turn_on 		CODE           	3456	0000	116

ECU_layer/relay/ecu_relay.c estimated size: 348

C:\Program Files\Microchip\xc8\v2.45\pic\sources\c99\common\sprcmul.c
		___flmul       		CODE           	14D6	0000	1066

C:\Program Files\Microchip\xc8\v2.45\pic\sources\c99\common\sprcmul.c estimated size: 1066

MKAL_layer/ADC/hal_adc.c
		_ADC_handeler_funvtion		CODE           	3C12	0000	4
		_adc_channel_port_confige		CODE           	2BE0	0000	216
		_configure_voltage_ref		CODE           	38C2	0000	70
		_ADC_ISconversion_done		CODE           	3878	0000	74
		_ADC_ISconversion_result		CODE           	2E3C	0000	184
		_ADC_start_conversion		CODE           	3B18	0000	34
		_ADC_select_channal		CODE           	39F8	0000	56
		_ADC_get_conversion_blocking		CODE           	36FC	0000	104
		_select_result_format		CODE           	3908	0000	64
		_ADC_inti      		CODE           	2FA4	0000	172

MKAL_layer/ADC/hal_adc.c estimated size: 978

C:\Program Files\Microchip\xc8\v2.45\pic\sources\c99\common\sprcdiv.c
		___fldiv       		CODE           	1CF6	0000	922

C:\Program Files\Microchip\xc8\v2.45\pic\sources\c99\common\sprcdiv.c estimated size: 922

MKAL_layer/CCP1/hal_ccp1.c
		_CCP1_ISR      		CODE           	3C0E	0000	4

MKAL_layer/CCP1/hal_ccp1.c estimated size: 4

MKAL_layer/timer2/hal_timer2.c
		_TIMER2_ISR    		CODE           	3BE8	0000	8
		_Timer2_init   		CODE           	3238	0000	146

MKAL_layer/timer2/hal_timer2.c estimated size: 154

MKAL_layer/timer1/hal_timer1.c
		_timer1_osc_cfg		CODE           	39BE	0000	58
		_TIMER1_ISR    		CODE           	3A30	0000	56
		_timer1_reg_bit_cfg		CODE           	3984	0000	58
		_timer1_mode_cfg		CODE           	33E0	0000	118
		_Timer1_init   		CODE           	3050	0000	170

MKAL_layer/timer1/hal_timer1.c estimated size: 460

C:\Program Files\Microchip\xc8\v2.45\pic\sources\c99\common\awmod.c
		___awmod       		CODE           	2EF4	0000	176

C:\Program Files\Microchip\xc8\v2.45\pic\sources\c99\common\awmod.c estimated size: 176

MKAL_layer/Interrupt/mcal_external_interrupt.c
		_RB4_ISR       		CODE           	3BA4	0000	26
		_RB5_ISR       		CODE           	3B8A	0000	26
		_RB6_ISR       		CODE           	3B70	0000	26
		_RB7_ISR       		CODE           	3B56	0000	26
		_INT0_ISR      		CODE           	3C06	0000	4
		_INT1_ISR      		CODE           	3C02	0000	4
		_INT2_ISR      		CODE           	3BFE	0000	4

MKAL_layer/Interrupt/mcal_external_interrupt.c estimated size: 116

shared
		__initialization		CODE           	32CA	0000	134
		_value_ret     		SMALLCONST     	1001	0000	16

shared estimated size: 150

C:\Program Files\Microchip\xc8\v2.45\pic\sources\c99\common\xxtofl.c
		___xxtofl      		CODE           	2306	0000	436

C:\Program Files\Microchip\xc8\v2.45\pic\sources\c99\common\xxtofl.c estimated size: 436

MKAL_layer/Interrupt/mcal_interrupt_manager.c
		_interrupt_manager		CODE           	0008	0000	1020

MKAL_layer/Interrupt/mcal_interrupt_manager.c estimated size: 1020

C:\Program Files\Microchip\xc8\v2.45\pic\sources\c99\common\__lldiv.c
		___lldiv       		CODE           	30FA	0000	164

C:\Program Files\Microchip\xc8\v2.45\pic\sources\c99\common\__lldiv.c estimated size: 164

main_2.c
		_main          		CODE           	2090	0000	630
		_mssp_I2C_DefaultInterruptHandler		CODE           	3948	0000	60
		_intitialized_functions		CODE           	2D7C	0000	192
		_timer1_interrupt		CODE           	3764	0000	102

main_2.c estimated size: 984

C:\Program Files\Microchip\xc8\v2.45\pic\sources\c99\common\sprcadd.c
		___fladd       		CODE           	1016	0000	1216

C:\Program Files\Microchip\xc8\v2.45\pic\sources\c99\common\sprcadd.c estimated size: 1216

MKAL_layer/CCP2/hal_ccp2.c
		_ccp2_init     		CODE           	24BA	0000	360
		_CCP2_ISR      		CODE           	3C0A	0000	4
		_ccp2_pwm_set_duty		CODE           	29C2	0000	280

MKAL_layer/CCP2/hal_ccp2.c estimated size: 644

C:\Program Files\Microchip\xc8\v2.45\pic\sources\c99\common\lwdiv.c
		___lwdiv       		CODE           	35B2	0000	116

C:\Program Files\Microchip\xc8\v2.45\pic\sources\c99\common\lwdiv.c estimated size: 116

C:\Program Files\Microchip\xc8\v2.45\pic\sources\c99\common\awdiv.c
		___awdiv       		CODE           	2CB8	0000	196

C:\Program Files\Microchip\xc8\v2.45\pic\sources\c99\common\awdiv.c estimated size: 196

C:\Program Files\Microchip\xc8\v2.45\pic\sources\c99\common\fltol.c
		___fltol       		CODE           	2ADA	0000	262

C:\Program Files\Microchip\xc8\v2.45\pic\sources\c99\common\fltol.c estimated size: 262

ECU_layer/7_segment/ecu_seg.c
		_segment_intialized		CODE           	37CA	0000	100
		_segment_wright_logic		CODE           	335A	0000	134

ECU_layer/7_segment/ecu_seg.c estimated size: 234

